server/modules/channels/channels.routes.ts(310,50): error TS2339: Property 'totalAmount' does not exist on type '{ id: number; omsFulfillmentOrderId: string | null; priority: number; createdAt: Date; channelId: number | null; source: string; externalOrderId: string | null; orderNumber: string; ... 21 more ...; completedAt: Date | null; }'.
server/modules/channels/channels.routes.ts(311,61): error TS2339: Property 'totalAmount' does not exist on type '{ id: number; omsFulfillmentOrderId: string | null; priority: number; createdAt: Date; channelId: number | null; source: string; externalOrderId: string | null; orderNumber: string; ... 21 more ...; completedAt: Date | null; }'.
server/modules/dropship/vendor-order-polling.ts(508,5): error TS2322: Type 'string' is not assignable to type 'number'.
server/modules/inventory/inventory.routes.ts(1106,34): error TS2339: Property 'financialStatus' does not exist on type '{ id: number; createdAt: Date; warehouseId: number | null; priority: number; channelId: number | null; source: string; externalOrderId: string | null; orderNumber: string; customerName: string; ... 20 more ...; omsFulfillmentOrderId: string | null; }'.
server/modules/inventory/inventory.routes.ts(1108,30): error TS2339: Property 'totalAmount' does not exist on type '{ id: number; createdAt: Date; warehouseId: number | null; priority: number; channelId: number | null; source: string; externalOrderId: string | null; orderNumber: string; customerName: string; ... 20 more ...; omsFulfillmentOrderId: string | null; }'.
server/modules/oms/ebay-order-ingestion.ts(222,7): error TS2353: Object literal may only specify known properties, and 'priceCents' does not exist in type '{ name: string; sku: string; orderId: number; quantity: number; status?: string | undefined; productId?: number | null | undefined; barcode?: string | null | undefined; zone?: string | undefined; ... 8 more ...; requiresShipping?: number | undefined; }'.
server/modules/oms/ebay-order-ingestion.ts(248,5): error TS2322: Type 'string' is not assignable to type 'number'.
server/modules/oms/oms-webhooks.ts(254,7): error TS2353: Object literal may only specify known properties, and 'priceCents' does not exist in type '{ name: string; sku: string; orderId: number; quantity: number; status?: string | undefined; productId?: number | null | undefined; barcode?: string | null | undefined; zone?: string | undefined; ... 8 more ...; requiresShipping?: number | undefined; }'.
server/modules/oms/oms-webhooks.ts(281,5): error TS2322: Type 'string' is not assignable to type 'number'.
server/modules/procurement/procurement.routes.ts(1548,33): error TS2339: Property 'shopifyOrderId' does not exist on type '{ id: number; createdAt: Date; warehouseId: number | null; priority: number; channelId: number | null; source: string; externalOrderId: string | null; orderNumber: string; customerName: string; ... 20 more ...; omsFulfillmentOrderId: string | null; }'.
server/modules/procurement/procurement.routes.ts(1554,30): error TS2339: Property 'totalAmount' does not exist on type '{ id: number; createdAt: Date; warehouseId: number | null; priority: number; channelId: number | null; source: string; externalOrderId: string | null; orderNumber: string; customerName: string; ... 20 more ...; omsFulfillmentOrderId: string | null; }'.
server/routes/shopify.routes.ts(239,11): error TS2353: Object literal may only specify known properties, and 'shopifyOrderId' does not exist in type '{ orderNumber: string; customerName: string; omsFulfillmentOrderId?: string | null | undefined; priority?: number | undefined; channelId?: number | null | undefined; source?: string | undefined; ... 21 more ...; completedAt?: Date | ... 1 more ... | undefined; }'.
server/services/index.ts(84,44): error TS2345: Argument of type 'InventoryCoreService' is not assignable to parameter of type 'InventoryCore'.
  Types of property 'adjustInventory' are incompatible.
    Type '(params: { productVariantId: number; warehouseLocationId: number; qtyDelta: number; reason: string; reasonId?: number | undefined; cycleCountId?: number | undefined; userId?: string | undefined; allowNegative?: boolean | undefined; }) => Promise<...>' is not assignable to type '(params: { productVariantId: number; warehouseLocationId: number; qtyDelta: number; reason?: string | undefined; userId?: string | undefined; }) => Promise<void>'.
      Types of parameters 'params' and 'params' are incompatible.
        Type '{ productVariantId: number; warehouseLocationId: number; qtyDelta: number; reason?: string | undefined; userId?: string | undefined; }' is not assignable to type '{ productVariantId: number; warehouseLocationId: number; qtyDelta: number; reason: string; reasonId?: number | undefined; cycleCountId?: number | undefined; userId?: string | undefined; allowNegative?: boolean | undefined; }'.
          Types of property 'reason' are incompatible.
            Type 'string | undefined' is not assignable to type 'string'.
              Type 'undefined' is not assignable to type 'string'.
